<html>
<body>
<pre>
<h1>µVision Build Log</h1>
<h2>Tool Versions:</h2>
IDE-Version: ÂµVision V5.26.2.0
Copyright (C) 2018 ARM Ltd and ARM Germany GmbH. All rights reserved.
License Information: William Kwok, NA, LIC=MGX01-CVZV4-RCTJZ-JBM0Z-EYBSF-K7VI9
 
Tool Versions:
Toolchain:       MDK-ARM Professional  Version: 5.26.2.0
Toolchain Path:  C:\Keil_v5\ARM\ARMCC\Bin
C Compiler:      Armcc.exe V5.06 update 6 (build 750)
Assembler:       Armasm.exe V5.06 update 6 (build 750)
Linker/Locator:  ArmLink.exe V5.06 update 6 (build 750)
Library Manager: ArmAr.exe V5.06 update 6 (build 750)
Hex Converter:   FromElf.exe V5.06 update 6 (build 750)
CPU DLL:         SARMCM3.DLL V5.26.2.0
Dialog DLL:      DCM.DLL V1.17.2.0
Target DLL:      Segger\JL2CM3.dll V2.99.31.0
Dialog DLL:      TCM.DLL V1.36.1.0
 
<h2>Project:</h2>
C:\Users\gw826\github\rt-thread\bsp\gd32f107\project.uvprojx
Project File Date:  01/05/2019

<h2>Output:</h2>
*** Using Compiler 'V5.06 update 6 (build 750)', folder: 'C:\Keil_v5\ARM\ARMCC\Bin'
Build target 'rtthread-gd32f107'
compiling main.c...
linking...
Program Size: Code=55408 RO-data=7880 RW-data=916 ZI-data=19148  
".\Objects\template.axf" - 0 Error(s), 0 Warning(s).

<h2>Software Packages used:</h2>

Package Vendor: GigaDevice
                http://www.keil.com/pack/GigaDevice.GD32F10x_DFP.2.0.1.pack
                GigaDevice.GD32F10x_DFP.2.0.1
                GigaDevice GD32F10x Series Device Support and Examples

<h2>Collection of Component include folders:</h2>
  .\RTE\_rtthread-gd32f107
  C:\Keil_v5\ARM\PACK\GigaDevice\GD32F10x_DFP\2.0.1\Device\Include

<h2>Collection of Component Files used:</h2>
Build Time Elapsed:  00:00:03
</pre>
</body>
</html>
